Usage:                         55.01 kWh
Temperature:                   94.6°F
Previous year:                 52.43 kWh
Previous year temp:            83.4°F
Usage vs Previous year:        4.7% more
Historical average:            59.44 kWh
Historical temp:               81.2°F
Usage vs Average:              7.5% less

Cycle usage:                   184.40 kWh
Daily average:                 46.10 kWh
Projected total:               1382.96 kWh
Projected cost:                $221.27

Last year cycle usage:         1014.32 kWh
Projected vs last year:        26.7% more

Cycle average(all years):      1313.26 kWh
Cycle average cost:            $210.12
Projected vs average:          5.0% more

Total power fed back to grid:  3.01 kWh
Daily average of total:        0.10 kWh
Projected monthly total:       3.01 kWh
Projected monthly return:      $0.04

>>> Overall projected cost:    $221.24

Hourly usage:
Timestamp                    kWh     Temp
2025-09-13 00:00:00         3.12
2025-09-13 01:00:00         1.16
2025-09-13 02:00:00         0.00
2025-09-13 03:00:00         0.00
2025-09-13 04:00:00         0.00
2025-09-13 05:00:00         0.00
2025-09-13 06:00:00         0.00
2025-09-13 07:00:00         0.88    72.8°F
2025-09-13 08:00:00         0.68    77.5°F
2025-09-13 09:00:00         2.40    88.7°F
2025-09-13 10:00:00         0.97    94.5°F
2025-09-13 11:00:00         0.32    95.9°F
2025-09-13 12:00:00         1.80   100.8°F
2025-09-13 13:00:00         1.25   101.8°F
2025-09-13 14:00:00         0.75    99.0°F
2025-09-13 15:00:00         0.90    99.8°F
2025-09-13 16:00:00         4.61   101.3°F
2025-09-13 17:00:00         6.70    96.3°F
2025-09-13 18:00:00         7.05    92.1°F
2025-09-13 19:00:00         5.25    87.5°F
2025-09-13 20:00:00         4.02    84.4°F
2025-09-13 21:00:00         4.08    83.3°F
2025-09-13 22:00:00         5.15    82.6°F
2025-09-13 23:00:00         3.94    79.3°F
Total:                     55.01

Previous Year hourly usage:
Timestamp                    kWh     Temp
2024-09-13 00:00:00         3.87    65.3°F
2024-09-13 01:00:00         3.08    63.9°F
2024-09-13 02:00:00         3.05    64.6°F
2024-09-13 03:00:00         2.79    66.8°F
2024-09-13 04:00:00         2.67    72.7°F
2024-09-13 05:00:00         2.64    77.7°F
2024-09-13 06:00:00         2.69    82.8°F
2024-09-13 07:00:00         1.94    85.6°F
2024-09-13 08:00:00         0.45    87.9°F
2024-09-13 09:00:00         0.11    89.1°F
2024-09-13 10:00:00         0.09    89.7°F
2024-09-13 11:00:00         0.05    90.3°F
2024-09-13 12:00:00         0.00    89.9°F
2024-09-13 13:00:00         0.00    88.8°F
2024-09-13 14:00:00         0.00    85.0°F
2024-09-13 15:00:00         0.00    81.1°F
2024-09-13 16:00:00         0.00    79.3°F
2024-09-13 17:00:00         1.84    77.6°F
2024-09-13 18:00:00         5.45    74.9°F
2024-09-13 19:00:00         5.41    75.6°F
2024-09-13 20:00:00         5.25    74.6°F
2024-09-13 21:00:00         5.07    74.3°F
2024-09-13 22:00:00         4.46    73.9°F
2024-09-13 23:00:00         1.50    73.8°F
Total:                     52.43

Historical Usage:

date       2020     2021     2022     2023     2024     2025
=====   =======  =======  =======  =======  =======  =======
09-11     92.14    60.48    20.46    22.20    44.93    50.16
09-12     99.72    87.06    19.53    54.62    53.57    56.00
09-13     89.60    88.03     2.98    64.16    52.43    55.01
09-14     97.50    59.23     3.31    45.29    51.56     NULL
09-15     96.33    69.35     2.35    38.42    48.91     NULL
09-16     84.34    61.70    15.56    31.82    27.68     NULL
09-17     68.56    77.02    21.45    35.06    36.56     NULL
09-18     47.98    86.62    20.33    17.26    55.31     NULL
09-19     45.80    93.31    33.64    38.08    58.13     NULL
09-20     42.95   103.99    54.31    48.87    62.27     NULL
09-21     42.32   101.68    62.65    43.56    75.36     NULL
09-22     37.05    44.62    63.90    51.15    55.96     NULL
09-23     34.81    67.37    61.61    49.01    36.36     NULL
09-24     41.98    58.05    53.94    47.71    58.38     NULL
09-25     59.14    68.02    52.88    34.33    26.40     NULL
09-26     72.60    70.99    25.14    33.31     6.02     NULL
09-27     44.58    66.12     6.16    36.69    12.95     NULL
09-28     35.65    91.78     0.60    48.82    15.49     NULL
09-29     45.47    80.70     5.40    31.37    28.94     NULL
09-30     36.39    86.68     0.33    43.46    24.48     NULL
10-01     34.91    48.73     1.43    17.79    24.65     NULL
10-02     34.42    74.80     1.71    29.82    27.29     NULL
10-03     33.95    83.66     0.14    38.31    13.39     NULL
10-04     33.02    57.77     0.75    65.10    23.91     NULL
10-05     39.24    70.38     0.19    55.42    30.59     NULL
10-06     38.85    71.31     0.61    20.15    30.46     NULL
10-07     45.35    81.38     6.37     1.99    22.19     NULL
10-08     47.41    82.09    16.96     0.36     3.43     NULL
10-09     60.82    87.77     2.68     0.56     1.37     NULL
10-10     81.94    94.56     2.76     7.11     5.32     NULL
=====   =======  =======  =======  =======  =======  =======
Total   1664.81  2275.27   560.10  1051.81  1014.32   161.17
